Archive member included to satisfy reference by file (symbol)

c:/program files (x86)/atmel/studio/7.0/toolchain/avr8/avr8-gnu-toolchain/bin/../lib/gcc/avr/5.4.0/avr5\libgcc.a(_exit.o)
                              C:/Program Files (x86)/Atmel/Studio/7.0/Packs/atmel/ATmega_DFP/1.7.374/gcc/dev/atmega32a/avr5/crtatmega32a.o (exit)
c:/program files (x86)/atmel/studio/7.0/toolchain/avr8/avr8-gnu-toolchain/bin/../lib/gcc/avr/5.4.0/avr5\libgcc.a(_tablejump2.o)
                              APP/app.o (__tablejump2__)
c:/program files (x86)/atmel/studio/7.0/toolchain/avr8/avr8-gnu-toolchain/bin/../lib/gcc/avr/5.4.0/avr5\libgcc.a(_copy_data.o)
                              ECUAL/button/button_config.o (__do_copy_data)
c:/program files (x86)/atmel/studio/7.0/toolchain/avr8/avr8-gnu-toolchain/bin/../lib/gcc/avr/5.4.0/avr5\libgcc.a(_clear_bss.o)
                              APP/app.o (__do_clear_bss)

Discarded input sections

 .data          0x00000000        0x0 C:/Program Files (x86)/Atmel/Studio/7.0/Packs/atmel/ATmega_DFP/1.7.374/gcc/dev/atmega32a/avr5/crtatmega32a.o
 .bss           0x00000000        0x0 C:/Program Files (x86)/Atmel/Studio/7.0/Packs/atmel/ATmega_DFP/1.7.374/gcc/dev/atmega32a/avr5/crtatmega32a.o
 .text          0x00000000        0x0 APP/app.o
 .data          0x00000000        0x0 APP/app.o
 .bss           0x00000000        0x0 APP/app.o
 .bss.u8_g_on_off_index
                0x00000000        0x1 APP/app.o
 .text          0x00000000        0x0 ECUAL/button/button.o
 .data          0x00000000        0x0 ECUAL/button/button.o
 .bss           0x00000000        0x0 ECUAL/button/button.o
 .text.BTN_read_state
                0x00000000       0x94 ECUAL/button/button.o
 .text          0x00000000        0x0 ECUAL/button/button_config.o
 .data          0x00000000        0x0 ECUAL/button/button_config.o
 .bss           0x00000000        0x0 ECUAL/button/button_config.o
 .text          0x00000000        0x0 ECUAL/delay/delay.o
 .data          0x00000000        0x0 ECUAL/delay/delay.o
 .bss           0x00000000        0x0 ECUAL/delay/delay.o
 .text.INCREMENT_TICK
                0x00000000       0x38 ECUAL/delay/delay.o
 .text.get_delay
                0x00000000        0xa ECUAL/delay/delay.o
 .text.DELAY_ms
                0x00000000       0x42 ECUAL/delay/delay.o
 .bss.u8_sg_haltDelay
                0x00000000        0x1 ECUAL/delay/delay.o
 .bss.u16_sg_delay_ms
                0x00000000        0x2 ECUAL/delay/delay.o
 .bss.u16_sg_timerTick
                0x00000000        0x2 ECUAL/delay/delay.o
 .data.st_g_timerForDelay
                0x00000000        0xa ECUAL/delay/delay.o
 .debug_info    0x00000000      0x3eb ECUAL/delay/delay.o
 .debug_abbrev  0x00000000      0x148 ECUAL/delay/delay.o
 .debug_loc     0x00000000       0xb2 ECUAL/delay/delay.o
 .debug_aranges
                0x00000000       0x30 ECUAL/delay/delay.o
 .debug_ranges  0x00000000       0x20 ECUAL/delay/delay.o
 .debug_line    0x00000000      0x18c ECUAL/delay/delay.o
 .debug_str     0x00000000      0x6cb ECUAL/delay/delay.o
 .comment       0x00000000       0x31 ECUAL/delay/delay.o
 .debug_frame   0x00000000       0x4c ECUAL/delay/delay.o
 .text          0x00000000        0x0 ECUAL/led/led.o
 .data          0x00000000        0x0 ECUAL/led/led.o
 .bss           0x00000000        0x0 ECUAL/led/led.o
 .text.LED_turn_toggle
                0x00000000       0x24 ECUAL/led/led.o
 .text          0x00000000        0x0 ECUAL/led/led_config.o
 .data          0x00000000        0x0 ECUAL/led/led_config.o
 .bss           0x00000000        0x0 ECUAL/led/led_config.o
 .text          0x00000000        0x0 ECUAL/timer_manger/timer_manger.o
 .data          0x00000000        0x0 ECUAL/timer_manger/timer_manger.o
 .bss           0x00000000        0x0 ECUAL/timer_manger/timer_manger.o
 .text.TIMER_MANGER_stop
                0x00000000        0xe ECUAL/timer_manger/timer_manger.o
 .text          0x00000000        0x0 ECUAL/timer_manger/timer_manger_config.o
 .data          0x00000000        0x0 ECUAL/timer_manger/timer_manger_config.o
 .bss           0x00000000        0x0 ECUAL/timer_manger/timer_manger_config.o
 .text          0x00000000        0x0 main.o
 .data          0x00000000        0x0 main.o
 .bss           0x00000000        0x0 main.o
 .text          0x00000000        0x0 MCAL/dio/dio.o
 .data          0x00000000        0x0 MCAL/dio/dio.o
 .bss           0x00000000        0x0 MCAL/dio/dio.o
 .text.DIO_pin_read_logic
                0x00000000       0x6a MCAL/dio/dio.o
 .text.DIO_pin_toggle_logic
                0x00000000       0x4a MCAL/dio/dio.o
 .text.DIO_port_direction_intialize
                0x00000000       0x20 MCAL/dio/dio.o
 .text.DIO_port_write_logic
                0x00000000       0x20 MCAL/dio/dio.o
 .text.DIO_port_read_logic
                0x00000000       0x24 MCAL/dio/dio.o
 .text.DIO_port_toggle_logic
                0x00000000       0x24 MCAL/dio/dio.o
 .rodata.pin_registers
                0x00000000        0x8 MCAL/dio/dio.o
 .text          0x00000000        0x0 MCAL/external_interrupt/external_interrupt.h.o
 .data          0x00000000        0x0 MCAL/external_interrupt/external_interrupt.h.o
 .bss           0x00000000        0x0 MCAL/external_interrupt/external_interrupt.h.o
 .text.EXT_INTx_DeInit
                0x00000000       0x36 MCAL/external_interrupt/external_interrupt.h.o
 .text          0x00000000        0x0 MCAL/external_interrupt/ext_int_config.o
 .data          0x00000000        0x0 MCAL/external_interrupt/ext_int_config.o
 .bss           0x00000000        0x0 MCAL/external_interrupt/ext_int_config.o
 .text          0x00000000        0x0 MCAL/timer/timer.o
 .data          0x00000000        0x0 MCAL/timer/timer.o
 .bss           0x00000000        0x0 MCAL/timer/timer.o
 .text.TIMERx_setValue
                0x00000000       0x2c MCAL/timer/timer.o
 .text.TIMERx_CTC_SetCompare
                0x00000000       0x2c MCAL/timer/timer.o
 .text.TIMERx_reset
                0x00000000       0x3c MCAL/timer/timer.o
 .text.TIMERx_stop
                0x00000000       0x5a MCAL/timer/timer.o
 .text          0x00000000        0x0 MCAL/timer/timer_config.o
 .data          0x00000000        0x0 MCAL/timer/timer_config.o
 .bss           0x00000000        0x0 MCAL/timer/timer_config.o
 .debug_info    0x00000000       0x6b MCAL/timer/timer_config.o
 .debug_abbrev  0x00000000       0x26 MCAL/timer/timer_config.o
 .debug_aranges
                0x00000000       0x18 MCAL/timer/timer_config.o
 .debug_line    0x00000000       0x1a MCAL/timer/timer_config.o
 .debug_str     0x00000000      0x1dd MCAL/timer/timer_config.o
 .comment       0x00000000       0x31 MCAL/timer/timer_config.o
 .text          0x00000000        0x0 uint_test_timer_driver/timer_uint_test.o
 .data          0x00000000        0x0 uint_test_timer_driver/timer_uint_test.o
 .bss           0x00000000        0x0 uint_test_timer_driver/timer_uint_test.o
 .text.TIMERx_uintTest
                0x00000000       0x6c uint_test_timer_driver/timer_uint_test.o
 .bss.st_g_uintTestTimer
                0x00000000        0xa uint_test_timer_driver/timer_uint_test.o
 .debug_info    0x00000000      0x337 uint_test_timer_driver/timer_uint_test.o
 .debug_abbrev  0x00000000       0xdf uint_test_timer_driver/timer_uint_test.o
 .debug_loc     0x00000000       0x88 uint_test_timer_driver/timer_uint_test.o
 .debug_aranges
                0x00000000       0x20 uint_test_timer_driver/timer_uint_test.o
 .debug_ranges  0x00000000       0x10 uint_test_timer_driver/timer_uint_test.o
 .debug_line    0x00000000      0x18a uint_test_timer_driver/timer_uint_test.o
 .debug_str     0x00000000      0x68d uint_test_timer_driver/timer_uint_test.o
 .comment       0x00000000       0x31 uint_test_timer_driver/timer_uint_test.o
 .debug_frame   0x00000000       0x34 uint_test_timer_driver/timer_uint_test.o
 .text          0x00000000        0x0 c:/program files (x86)/atmel/studio/7.0/toolchain/avr8/avr8-gnu-toolchain/bin/../lib/gcc/avr/5.4.0/avr5\libgcc.a(_exit.o)
 .data          0x00000000        0x0 c:/program files (x86)/atmel/studio/7.0/toolchain/avr8/avr8-gnu-toolchain/bin/../lib/gcc/avr/5.4.0/avr5\libgcc.a(_exit.o)
 .bss           0x00000000        0x0 c:/program files (x86)/atmel/studio/7.0/toolchain/avr8/avr8-gnu-toolchain/bin/../lib/gcc/avr/5.4.0/avr5\libgcc.a(_exit.o)
 .text.libgcc.mul
                0x00000000        0x0 c:/program files (x86)/atmel/studio/7.0/toolchain/avr8/avr8-gnu-toolchain/bin/../lib/gcc/avr/5.4.0/avr5\libgcc.a(_exit.o)
 .text.libgcc.div
                0x00000000        0x0 c:/program files (x86)/atmel/studio/7.0/toolchain/avr8/avr8-gnu-toolchain/bin/../lib/gcc/avr/5.4.0/avr5\libgcc.a(_exit.o)
 .text.libgcc   0x00000000        0x0 c:/program files (x86)/atmel/studio/7.0/toolchain/avr8/avr8-gnu-toolchain/bin/../lib/gcc/avr/5.4.0/avr5\libgcc.a(_exit.o)
 .text.libgcc.prologue
                0x00000000        0x0 c:/program files (x86)/atmel/studio/7.0/toolchain/avr8/avr8-gnu-toolchain/bin/../lib/gcc/avr/5.4.0/avr5\libgcc.a(_exit.o)
 .text.libgcc.builtins
                0x00000000        0x0 c:/program files (x86)/atmel/studio/7.0/toolchain/avr8/avr8-gnu-toolchain/bin/../lib/gcc/avr/5.4.0/avr5\libgcc.a(_exit.o)
 .text.libgcc.fmul
                0x00000000        0x0 c:/program files (x86)/atmel/studio/7.0/toolchain/avr8/avr8-gnu-toolchain/bin/../lib/gcc/avr/5.4.0/avr5\libgcc.a(_exit.o)
 .text.libgcc.fixed
                0x00000000        0x0 c:/program files (x86)/atmel/studio/7.0/toolchain/avr8/avr8-gnu-toolchain/bin/../lib/gcc/avr/5.4.0/avr5\libgcc.a(_exit.o)
 .text          0x00000000        0x0 c:/program files (x86)/atmel/studio/7.0/toolchain/avr8/avr8-gnu-toolchain/bin/../lib/gcc/avr/5.4.0/avr5\libgcc.a(_tablejump2.o)
 .data          0x00000000        0x0 c:/program files (x86)/atmel/studio/7.0/toolchain/avr8/avr8-gnu-toolchain/bin/../lib/gcc/avr/5.4.0/avr5\libgcc.a(_tablejump2.o)
 .bss           0x00000000        0x0 c:/program files (x86)/atmel/studio/7.0/toolchain/avr8/avr8-gnu-toolchain/bin/../lib/gcc/avr/5.4.0/avr5\libgcc.a(_tablejump2.o)
 .text.libgcc.mul
                0x00000000        0x0 c:/program files (x86)/atmel/studio/7.0/toolchain/avr8/avr8-gnu-toolchain/bin/../lib/gcc/avr/5.4.0/avr5\libgcc.a(_tablejump2.o)
 .text.libgcc.div
                0x00000000        0x0 c:/program files (x86)/atmel/studio/7.0/toolchain/avr8/avr8-gnu-toolchain/bin/../lib/gcc/avr/5.4.0/avr5\libgcc.a(_tablejump2.o)
 .text.libgcc.prologue
                0x00000000        0x0 c:/program files (x86)/atmel/studio/7.0/toolchain/avr8/avr8-gnu-toolchain/bin/../lib/gcc/avr/5.4.0/avr5\libgcc.a(_tablejump2.o)
 .text.libgcc.builtins
                0x00000000        0x0 c:/program files (x86)/atmel/studio/7.0/toolchain/avr8/avr8-gnu-toolchain/bin/../lib/gcc/avr/5.4.0/avr5\libgcc.a(_tablejump2.o)
 .text.libgcc.fmul
                0x00000000        0x0 c:/program files (x86)/atmel/studio/7.0/toolchain/avr8/avr8-gnu-toolchain/bin/../lib/gcc/avr/5.4.0/avr5\libgcc.a(_tablejump2.o)
 .text.libgcc.fixed
                0x00000000        0x0 c:/program files (x86)/atmel/studio/7.0/toolchain/avr8/avr8-gnu-toolchain/bin/../lib/gcc/avr/5.4.0/avr5\libgcc.a(_tablejump2.o)
 .text          0x00000000        0x0 c:/program files (x86)/atmel/studio/7.0/toolchain/avr8/avr8-gnu-toolchain/bin/../lib/gcc/avr/5.4.0/avr5\libgcc.a(_copy_data.o)
 .data          0x00000000        0x0 c:/program files (x86)/atmel/studio/7.0/toolchain/avr8/avr8-gnu-toolchain/bin/../lib/gcc/avr/5.4.0/avr5\libgcc.a(_copy_data.o)
 .bss           0x00000000        0x0 c:/program files (x86)/atmel/studio/7.0/toolchain/avr8/avr8-gnu-toolchain/bin/../lib/gcc/avr/5.4.0/avr5\libgcc.a(_copy_data.o)
 .text.libgcc.mul
                0x00000000        0x0 c:/program files (x86)/atmel/studio/7.0/toolchain/avr8/avr8-gnu-toolchain/bin/../lib/gcc/avr/5.4.0/avr5\libgcc.a(_copy_data.o)
 .text.libgcc.div
                0x00000000        0x0 c:/program files (x86)/atmel/studio/7.0/toolchain/avr8/avr8-gnu-toolchain/bin/../lib/gcc/avr/5.4.0/avr5\libgcc.a(_copy_data.o)
 .text.libgcc   0x00000000        0x0 c:/program files (x86)/atmel/studio/7.0/toolchain/avr8/avr8-gnu-toolchain/bin/../lib/gcc/avr/5.4.0/avr5\libgcc.a(_copy_data.o)
 .text.libgcc.prologue
                0x00000000        0x0 c:/program files (x86)/atmel/studio/7.0/toolchain/avr8/avr8-gnu-toolchain/bin/../lib/gcc/avr/5.4.0/avr5\libgcc.a(_copy_data.o)
 .text.libgcc.builtins
                0x00000000        0x0 c:/program files (x86)/atmel/studio/7.0/toolchain/avr8/avr8-gnu-toolchain/bin/../lib/gcc/avr/5.4.0/avr5\libgcc.a(_copy_data.o)
 .text.libgcc.fmul
                0x00000000        0x0 c:/program files (x86)/atmel/studio/7.0/toolchain/avr8/avr8-gnu-toolchain/bin/../lib/gcc/avr/5.4.0/avr5\libgcc.a(_copy_data.o)
 .text.libgcc.fixed
                0x00000000        0x0 c:/program files (x86)/atmel/studio/7.0/toolchain/avr8/avr8-gnu-toolchain/bin/../lib/gcc/avr/5.4.0/avr5\libgcc.a(_copy_data.o)
 .text          0x00000000        0x0 c:/program files (x86)/atmel/studio/7.0/toolchain/avr8/avr8-gnu-toolchain/bin/../lib/gcc/avr/5.4.0/avr5\libgcc.a(_clear_bss.o)
 .data          0x00000000        0x0 c:/program files (x86)/atmel/studio/7.0/toolchain/avr8/avr8-gnu-toolchain/bin/../lib/gcc/avr/5.4.0/avr5\libgcc.a(_clear_bss.o)
 .bss           0x00000000        0x0 c:/program files (x86)/atmel/studio/7.0/toolchain/avr8/avr8-gnu-toolchain/bin/../lib/gcc/avr/5.4.0/avr5\libgcc.a(_clear_bss.o)
 .text.libgcc.mul
                0x00000000        0x0 c:/program files (x86)/atmel/studio/7.0/toolchain/avr8/avr8-gnu-toolchain/bin/../lib/gcc/avr/5.4.0/avr5\libgcc.a(_clear_bss.o)
 .text.libgcc.div
                0x00000000        0x0 c:/program files (x86)/atmel/studio/7.0/toolchain/avr8/avr8-gnu-toolchain/bin/../lib/gcc/avr/5.4.0/avr5\libgcc.a(_clear_bss.o)
 .text.libgcc   0x00000000        0x0 c:/program files (x86)/atmel/studio/7.0/toolchain/avr8/avr8-gnu-toolchain/bin/../lib/gcc/avr/5.4.0/avr5\libgcc.a(_clear_bss.o)
 .text.libgcc.prologue
                0x00000000        0x0 c:/program files (x86)/atmel/studio/7.0/toolchain/avr8/avr8-gnu-toolchain/bin/../lib/gcc/avr/5.4.0/avr5\libgcc.a(_clear_bss.o)
 .text.libgcc.builtins
                0x00000000        0x0 c:/program files (x86)/atmel/studio/7.0/toolchain/avr8/avr8-gnu-toolchain/bin/../lib/gcc/avr/5.4.0/avr5\libgcc.a(_clear_bss.o)
 .text.libgcc.fmul
                0x00000000        0x0 c:/program files (x86)/atmel/studio/7.0/toolchain/avr8/avr8-gnu-toolchain/bin/../lib/gcc/avr/5.4.0/avr5\libgcc.a(_clear_bss.o)
 .text.libgcc.fixed
                0x00000000        0x0 c:/program files (x86)/atmel/studio/7.0/toolchain/avr8/avr8-gnu-toolchain/bin/../lib/gcc/avr/5.4.0/avr5\libgcc.a(_clear_bss.o)

Memory Configuration

Name             Origin             Length             Attributes
text             0x00000000         0x00008000         xr
data             0x00800060         0x00000800         rw !x
eeprom           0x00810000         0x00000400         rw !x
fuse             0x00820000         0x00000002         rw !x
lock             0x00830000         0x00000400         rw !x
signature        0x00840000         0x00000400         rw !x
user_signatures  0x00850000         0x00000400         rw !x
*default*        0x00000000         0xffffffff

Linker script and memory map

LOAD C:/Program Files (x86)/Atmel/Studio/7.0/Packs/atmel/ATmega_DFP/1.7.374/gcc/dev/atmega32a/avr5/crtatmega32a.o
LOAD APP/app.o
LOAD ECUAL/button/button.o
LOAD ECUAL/button/button_config.o
LOAD ECUAL/delay/delay.o
LOAD ECUAL/led/led.o
LOAD ECUAL/led/led_config.o
LOAD ECUAL/timer_manger/timer_manger.o
LOAD ECUAL/timer_manger/timer_manger_config.o
LOAD main.o
LOAD MCAL/dio/dio.o
LOAD MCAL/external_interrupt/external_interrupt.h.o
LOAD MCAL/external_interrupt/ext_int_config.o
LOAD MCAL/timer/timer.o
LOAD MCAL/timer/timer_config.o
LOAD uint_test_timer_driver/timer_uint_test.o
START GROUP
LOAD c:/program files (x86)/atmel/studio/7.0/toolchain/avr8/avr8-gnu-toolchain/bin/../lib/gcc/avr/5.4.0/../../../../avr/lib/avr5\libm.a
END GROUP
START GROUP
LOAD c:/program files (x86)/atmel/studio/7.0/toolchain/avr8/avr8-gnu-toolchain/bin/../lib/gcc/avr/5.4.0/avr5\libgcc.a
LOAD c:/program files (x86)/atmel/studio/7.0/toolchain/avr8/avr8-gnu-toolchain/bin/../lib/gcc/avr/5.4.0/../../../../avr/lib/avr5\libm.a
LOAD c:/program files (x86)/atmel/studio/7.0/toolchain/avr8/avr8-gnu-toolchain/bin/../lib/gcc/avr/5.4.0/../../../../avr/lib/avr5\libc.a
LOAD C:/Program Files (x86)/Atmel/Studio/7.0/Packs/atmel/ATmega_DFP/1.7.374/gcc/dev/atmega32a/avr5\libatmega32a.a
END GROUP
                [0x00000000]                __TEXT_REGION_ORIGIN__ = DEFINED (__TEXT_REGION_ORIGIN__)?__TEXT_REGION_ORIGIN__:0x0
                [0x00800060]                __DATA_REGION_ORIGIN__ = DEFINED (__DATA_REGION_ORIGIN__)?__DATA_REGION_ORIGIN__:0x800060
                [0x00008000]                __TEXT_REGION_LENGTH__ = DEFINED (__TEXT_REGION_LENGTH__)?__TEXT_REGION_LENGTH__:0x20000
                [0x00000800]                __DATA_REGION_LENGTH__ = DEFINED (__DATA_REGION_LENGTH__)?__DATA_REGION_LENGTH__:0xffa0
                [0x00000400]                __EEPROM_REGION_LENGTH__ = DEFINED (__EEPROM_REGION_LENGTH__)?__EEPROM_REGION_LENGTH__:0x10000
                [0x00000002]                __FUSE_REGION_LENGTH__ = DEFINED (__FUSE_REGION_LENGTH__)?__FUSE_REGION_LENGTH__:0x400
                0x00000400                __LOCK_REGION_LENGTH__ = DEFINED (__LOCK_REGION_LENGTH__)?__LOCK_REGION_LENGTH__:0x400
                0x00000400                __SIGNATURE_REGION_LENGTH__ = DEFINED (__SIGNATURE_REGION_LENGTH__)?__SIGNATURE_REGION_LENGTH__:0x400
                0x00000400                __USER_SIGNATURE_REGION_LENGTH__ = DEFINED (__USER_SIGNATURE_REGION_LENGTH__)?__USER_SIGNATURE_REGION_LENGTH__:0x400

.hash
 *(.hash)

.dynsym
 *(.dynsym)

.dynstr
 *(.dynstr)

.gnu.version
 *(.gnu.version)

.gnu.version_d
 *(.gnu.version_d)

.gnu.version_r
 *(.gnu.version_r)

.rel.init
 *(.rel.init)

.rela.init
 *(.rela.init)

.rel.text
 *(.rel.text)
 *(.rel.text.*)
 *(.rel.gnu.linkonce.t*)

.rela.text
 *(.rela.text)
 *(.rela.text.*)
 *(.rela.gnu.linkonce.t*)

.rel.fini
 *(.rel.fini)

.rela.fini
 *(.rela.fini)

.rel.rodata
 *(.rel.rodata)
 *(.rel.rodata.*)
 *(.rel.gnu.linkonce.r*)

.rela.rodata
 *(.rela.rodata)
 *(.rela.rodata.*)
 *(.rela.gnu.linkonce.r*)

.rel.data
 *(.rel.data)
 *(.rel.data.*)
 *(.rel.gnu.linkonce.d*)

.rela.data
 *(.rela.data)
 *(.rela.data.*)
 *(.rela.gnu.linkonce.d*)

.rel.ctors
 *(.rel.ctors)

.rela.ctors
 *(.rela.ctors)

.rel.dtors
 *(.rel.dtors)

.rela.dtors
 *(.rela.dtors)

.rel.got
 *(.rel.got)

.rela.got
 *(.rela.got)

.rel.bss
 *(.rel.bss)

.rela.bss
 *(.rela.bss)

.rel.plt
 *(.rel.plt)

.rela.plt
 *(.rela.plt)

.text           0x00000000     0x2230
 *(.vectors)
 .vectors       0x00000000       0x54 C:/Program Files (x86)/Atmel/Studio/7.0/Packs/atmel/ATmega_DFP/1.7.374/gcc/dev/atmega32a/avr5/crtatmega32a.o
                0x00000000                __vector_default
                0x00000000                __vectors
 *(.vectors)
 *(.progmem.gcc*)
 .progmem.gcc_sw_table.APP_start_program
                0x00000054       0x10 APP/app.o
 .progmem.gcc_sw_table.TIMERx_selectClk
                0x00000064       0x38 MCAL/timer/timer.o
                0x0000009c                . = ALIGN (0x2)
                0x0000009c                __trampolines_start = .
 *(.trampolines)
 .trampolines   0x0000009c        0x0 linker stubs
 *(.trampolines*)
                0x0000009c                __trampolines_end = .
 *libprintf_flt.a:*(.progmem.data)
 *libc.a:*(.progmem.data)
 *(.progmem*)
                0x0000009c                . = ALIGN (0x2)
 *(.jumptables)
 *(.jumptables*)
 *(.lowtext)
 *(.lowtext*)
                0x0000009c                __ctors_start = .
 *(.ctors)
                0x0000009c                __ctors_end = .
                0x0000009c                __dtors_start = .
 *(.dtors)
                0x0000009c                __dtors_end = .
 SORT(*)(.ctors)
 SORT(*)(.dtors)
 *(.init0)
 .init0         0x0000009c        0x0 C:/Program Files (x86)/Atmel/Studio/7.0/Packs/atmel/ATmega_DFP/1.7.374/gcc/dev/atmega32a/avr5/crtatmega32a.o
                0x0000009c                __init
 *(.init0)
 *(.init1)
 *(.init1)
 *(.init2)
 .init2         0x0000009c        0xc C:/Program Files (x86)/Atmel/Studio/7.0/Packs/atmel/ATmega_DFP/1.7.374/gcc/dev/atmega32a/avr5/crtatmega32a.o
 *(.init2)
 *(.init3)
 *(.init3)
 *(.init4)
 .init4         0x000000a8       0x16 c:/program files (x86)/atmel/studio/7.0/toolchain/avr8/avr8-gnu-toolchain/bin/../lib/gcc/avr/5.4.0/avr5\libgcc.a(_copy_data.o)
                0x000000a8                __do_copy_data
 .init4         0x000000be       0x10 c:/program files (x86)/atmel/studio/7.0/toolchain/avr8/avr8-gnu-toolchain/bin/../lib/gcc/avr/5.4.0/avr5\libgcc.a(_clear_bss.o)
                0x000000be                __do_clear_bss
 *(.init4)
 *(.init5)
 *(.init5)
 *(.init6)
 *(.init6)
 *(.init7)
 *(.init7)
 *(.init8)
 *(.init8)
 *(.init9)
 .init9         0x000000ce        0x8 C:/Program Files (x86)/Atmel/Studio/7.0/Packs/atmel/ATmega_DFP/1.7.374/gcc/dev/atmega32a/avr5/crtatmega32a.o
 *(.init9)
 *(.text)
 .text          0x000000d6        0x4 C:/Program Files (x86)/Atmel/Studio/7.0/Packs/atmel/ATmega_DFP/1.7.374/gcc/dev/atmega32a/avr5/crtatmega32a.o
                0x000000d6                __vector_12
                0x000000d6                __bad_interrupt
                0x000000d6                __vector_6
                0x000000d6                __vector_13
                0x000000d6                __vector_17
                0x000000d6                __vector_19
                0x000000d6                __vector_15
                0x000000d6                __vector_8
                0x000000d6                __vector_14
                0x000000d6                __vector_16
                0x000000d6                __vector_18
                0x000000d6                __vector_20
                0x000000da                . = ALIGN (0x2)
 *(.text.*)
 .text.UPDATE_ON_OFF_DURATION
                0x000000da       0x28 APP/app.o
 .text.LEDS_SEQ_UPDATE
                0x00000102       0x14 APP/app.o
 .text.BLINK_MODE_UPDATE
                0x00000116       0x14 APP/app.o
 .text.APP_init
                0x0000012a       0x72 APP/app.o
                0x0000012a                APP_init
 .text.APP_start_program
                0x0000019c     0x1066 APP/app.o
                0x0000019c                APP_start_program
 .text.BTN_init
                0x00001202       0x38 ECUAL/button/button.o
                0x00001202                BTN_init
 .text.LED_initialize
                0x0000123a       0x52 ECUAL/led/led.o
                0x0000123a                LED_initialize
 .text.LED_turn_on
                0x0000128c       0x26 ECUAL/led/led.o
                0x0000128c                LED_turn_on
 .text.LED_turn_off
                0x000012b2       0x26 ECUAL/led/led.o
                0x000012b2                LED_turn_off
 .text.TIMER_MANGER_init
                0x000012d8       0x4a ECUAL/timer_manger/timer_manger.o
                0x000012d8                TIMER_MANGER_init
 .text.TIMER_MANGER_start
                0x00001322       0x16 ECUAL/timer_manger/timer_manger.o
                0x00001322                TIMER_MANGER_start
 .text.main     0x00001338        0xa main.o
                0x00001338                main
 .text.DIO_pin_direction_intialize
                0x00001342       0x80 MCAL/dio/dio.o
                0x00001342                DIO_pin_direction_intialize
 .text.DIO_pin_write_logic
                0x000013c2       0x82 MCAL/dio/dio.o
                0x000013c2                DIO_pin_write_logic
 .text.__vector_1
                0x00001444       0x58 MCAL/external_interrupt/external_interrupt.h.o
                0x00001444                __vector_1
 .text.__vector_2
                0x0000149c       0x58 MCAL/external_interrupt/external_interrupt.h.o
                0x0000149c                __vector_2
 .text.__vector_3
                0x000014f4       0x58 MCAL/external_interrupt/external_interrupt.h.o
                0x000014f4                __vector_3
 .text.EXT_INTx_setCallBack
                0x0000154c       0x44 MCAL/external_interrupt/external_interrupt.h.o
                0x0000154c                EXT_INTx_setCallBack
 .text.EXT_INTx_setEdgeType
                0x00001590       0xf0 MCAL/external_interrupt/external_interrupt.h.o
                0x00001590                EXT_INTx_setEdgeType
 .text.EXT_INTx_Init
                0x00001680       0xd2 MCAL/external_interrupt/external_interrupt.h.o
                0x00001680                EXT_INTx_Init
 .text.TIMERx_selectClk
                0x00001752      0x286 MCAL/timer/timer.o
 .text.TIMERx_setTimerMode
                0x000019d8      0x520 MCAL/timer/timer.o
 .text.__vector_11
                0x00001ef8       0x60 MCAL/timer/timer.o
                0x00001ef8                __vector_11
 .text.__vector_10
                0x00001f58       0x60 MCAL/timer/timer.o
                0x00001f58                __vector_10
 .text.__vector_9
                0x00001fb8       0x60 MCAL/timer/timer.o
                0x00001fb8                __vector_9
 .text.__vector_7
                0x00002018       0x60 MCAL/timer/timer.o
                0x00002018                __vector_7
 .text.__vector_5
                0x00002078       0x60 MCAL/timer/timer.o
                0x00002078                __vector_5
 .text.__vector_4
                0x000020d8       0x60 MCAL/timer/timer.o
                0x000020d8                __vector_4
 .text.TIMERx_setCallBack
                0x00002138       0x44 MCAL/timer/timer.o
                0x00002138                TIMERx_setCallBack
 .text.TIMERx_init
                0x0000217c       0x88 MCAL/timer/timer.o
                0x0000217c                TIMERx_init
 .text.TIMERx_start
                0x00002204       0x1c MCAL/timer/timer.o
                0x00002204                TIMERx_start
 .text.libgcc   0x00002220        0xc c:/program files (x86)/atmel/studio/7.0/toolchain/avr8/avr8-gnu-toolchain/bin/../lib/gcc/avr/5.4.0/avr5\libgcc.a(_tablejump2.o)
                0x00002220                __tablejump2__
                0x0000222c                . = ALIGN (0x2)
 *(.fini9)
 .fini9         0x0000222c        0x0 c:/program files (x86)/atmel/studio/7.0/toolchain/avr8/avr8-gnu-toolchain/bin/../lib/gcc/avr/5.4.0/avr5\libgcc.a(_exit.o)
                0x0000222c                _exit
                0x0000222c                exit
 *(.fini9)
 *(.fini8)
 *(.fini8)
 *(.fini7)
 *(.fini7)
 *(.fini6)
 *(.fini6)
 *(.fini5)
 *(.fini5)
 *(.fini4)
 *(.fini4)
 *(.fini3)
 *(.fini3)
 *(.fini2)
 *(.fini2)
 *(.fini1)
 *(.fini1)
 *(.fini0)
 .fini0         0x0000222c        0x4 c:/program files (x86)/atmel/studio/7.0/toolchain/avr8/avr8-gnu-toolchain/bin/../lib/gcc/avr/5.4.0/avr5\libgcc.a(_exit.o)
 *(.fini0)
                0x00002230                _etext = .

.data           0x00800060       0x30 load address 0x00002230
                0x00800060                PROVIDE (__data_start, .)
 *(.data)
 *(.data*)
 .data.s_btn1   0x00800060        0x4 ECUAL/button/button_config.o
                0x00800060                s_btn1
 .data.s_btn0   0x00800064        0x4 ECUAL/button/button_config.o
                0x00800064                s_btn0
 .data.s_led3   0x00800068        0x3 ECUAL/led/led_config.o
                0x00800068                s_led3
 .data.s_led2   0x0080006b        0x3 ECUAL/led/led_config.o
                0x0080006b                s_led2
 .data.s_led1   0x0080006e        0x3 ECUAL/led/led_config.o
                0x0080006e                s_led1
 .data.s_led0   0x00800071        0x3 ECUAL/led/led_config.o
                0x00800071                s_led0
 .data.st_g_timer
                0x00800074        0x8 ECUAL/timer_manger/timer_manger_config.o
                0x00800074                st_g_timer
 .data.s_INT1   0x0080007c        0x2 MCAL/external_interrupt/ext_int_config.o
                0x0080007c                s_INT1
 .data.s_INT0   0x0080007e        0x2 MCAL/external_interrupt/ext_int_config.o
                0x0080007e                s_INT0
 *(.gnu.linkonce.d*)
 *(.rodata)
 *(.rodata*)
 .rodata.port_registers
                0x00800080        0x8 MCAL/dio/dio.o
 .rodata.ddr_registers
                0x00800088        0x8 MCAL/dio/dio.o
 *(.gnu.linkonce.r*)
                0x00800090                . = ALIGN (0x2)
                0x00800090                _edata = .
                0x00800090                PROVIDE (__data_end, .)

.bss            0x00800090       0x1a
                0x00800090                PROVIDE (__bss_start, .)
 *(.bss)
 *(.bss*)
 .bss.u16_g_100_ms_cnt
                0x00800090        0x2 APP/app.o
 .bss.u8_g_blinkMode_update
                0x00800092        0x1 APP/app.o
 .bss.u8_g_pressCnt
                0x00800093        0x1 APP/app.o
 .bss.st_g_Timer
                0x00800094        0xa ECUAL/timer_manger/timer_manger.o
 .bss.g_EXT_INT2_fptr
                0x0080009e        0x2 MCAL/external_interrupt/external_interrupt.h.o
 .bss.g_EXT_INT1_fptr
                0x008000a0        0x2 MCAL/external_interrupt/external_interrupt.h.o
 .bss.g_EXT_INT0_fptr
                0x008000a2        0x2 MCAL/external_interrupt/external_interrupt.h.o
 .bss.g_Timer2_callBackPtr
                0x008000a4        0x2 MCAL/timer/timer.o
 .bss.g_Timer1_callBackPtr
                0x008000a6        0x2 MCAL/timer/timer.o
 .bss.g_Timer0_callBackPtr
                0x008000a8        0x2 MCAL/timer/timer.o
 *(COMMON)
                0x008000aa                PROVIDE (__bss_end, .)
                0x00002230                __data_load_start = LOADADDR (.data)
                0x00002260                __data_load_end = (__data_load_start + SIZEOF (.data))

.noinit         0x008000aa        0x0
                [!provide]                PROVIDE (__noinit_start, .)
 *(.noinit*)
                [!provide]                PROVIDE (__noinit_end, .)
                0x008000aa                _end = .
                [!provide]                PROVIDE (__heap_start, .)

.eeprom         0x00810000        0x0
 *(.eeprom*)
                0x00810000                __eeprom_end = .

.fuse
 *(.fuse)
 *(.lfuse)
 *(.hfuse)
 *(.efuse)

.lock
 *(.lock*)

.signature
 *(.signature*)

.user_signatures
 *(.user_signatures*)

.stab
 *(.stab)

.stabstr
 *(.stabstr)

.stab.excl
 *(.stab.excl)

.stab.exclstr
 *(.stab.exclstr)

.stab.index
 *(.stab.index)

.stab.indexstr
 *(.stab.indexstr)

.comment        0x00000000       0x30
 *(.comment)
 .comment       0x00000000       0x30 APP/app.o
                                 0x31 (size before relaxing)
 .comment       0x00000030       0x31 ECUAL/button/button.o
 .comment       0x00000030       0x31 ECUAL/button/button_config.o
 .comment       0x00000030       0x31 ECUAL/led/led.o
 .comment       0x00000030       0x31 ECUAL/led/led_config.o
 .comment       0x00000030       0x31 ECUAL/timer_manger/timer_manger.o
 .comment       0x00000030       0x31 ECUAL/timer_manger/timer_manger_config.o
 .comment       0x00000030       0x31 main.o
 .comment       0x00000030       0x31 MCAL/dio/dio.o
 .comment       0x00000030       0x31 MCAL/external_interrupt/external_interrupt.h.o
 .comment       0x00000030       0x31 MCAL/external_interrupt/ext_int_config.o
 .comment       0x00000030       0x31 MCAL/timer/timer.o

.note.gnu.avr.deviceinfo
                0x00000000       0x3c
 .note.gnu.avr.deviceinfo
                0x00000000       0x3c C:/Program Files (x86)/Atmel/Studio/7.0/Packs/atmel/ATmega_DFP/1.7.374/gcc/dev/atmega32a/avr5/crtatmega32a.o

.note.gnu.build-id
 *(.note.gnu.build-id)

.debug
 *(.debug)

.line
 *(.line)

.debug_srcinfo
 *(.debug_srcinfo)

.debug_sfnames
 *(.debug_sfnames)

.debug_aranges  0x00000000      0x288
 *(.debug_aranges)
 .debug_aranges
                0x00000000       0x40 APP/app.o
 .debug_aranges
                0x00000040       0x28 ECUAL/button/button.o
 .debug_aranges
                0x00000068       0x18 ECUAL/button/button_config.o
 .debug_aranges
                0x00000080       0x38 ECUAL/led/led.o
 .debug_aranges
                0x000000b8       0x18 ECUAL/led/led_config.o
 .debug_aranges
                0x000000d0       0x30 ECUAL/timer_manger/timer_manger.o
 .debug_aranges
                0x00000100       0x18 ECUAL/timer_manger/timer_manger_config.o
 .debug_aranges
                0x00000118       0x20 main.o
 .debug_aranges
                0x00000138       0x58 MCAL/dio/dio.o
 .debug_aranges
                0x00000190       0x50 MCAL/external_interrupt/external_interrupt.h.o
 .debug_aranges
                0x000001e0       0x18 MCAL/external_interrupt/ext_int_config.o
 .debug_aranges
                0x000001f8       0x90 MCAL/timer/timer.o

.debug_pubnames
 *(.debug_pubnames)

.debug_info     0x00000000     0x3430
 *(.debug_info .gnu.linkonce.wi.*)
 .debug_info    0x00000000      0x4e6 C:/Program Files (x86)/Atmel/Studio/7.0/Packs/atmel/ATmega_DFP/1.7.374/gcc/dev/atmega32a/avr5/crtatmega32a.o
 .debug_info    0x000004e6      0xe8d APP/app.o
 .debug_info    0x00001373      0x31f ECUAL/button/button.o
 .debug_info    0x00001692      0x1af ECUAL/button/button_config.o
 .debug_info    0x00001841      0x383 ECUAL/led/led.o
 .debug_info    0x00001bc4      0x1a1 ECUAL/led/led_config.o
 .debug_info    0x00001d65      0x467 ECUAL/timer_manger/timer_manger.o
 .debug_info    0x000021cc      0x166 ECUAL/timer_manger/timer_manger_config.o
 .debug_info    0x00002332       0xc3 main.o
 .debug_info    0x000023f5      0x46d MCAL/dio/dio.o
 .debug_info    0x00002862      0x462 MCAL/external_interrupt/external_interrupt.h.o
 .debug_info    0x00002cc4      0x11f MCAL/external_interrupt/ext_int_config.o
 .debug_info    0x00002de3      0x64d MCAL/timer/timer.o

.debug_abbrev   0x00000000      0xf2f
 *(.debug_abbrev)
 .debug_abbrev  0x00000000      0x4a3 C:/Program Files (x86)/Atmel/Studio/7.0/Packs/atmel/ATmega_DFP/1.7.374/gcc/dev/atmega32a/avr5/crtatmega32a.o
 .debug_abbrev  0x000004a3      0x12a APP/app.o
 .debug_abbrev  0x000005cd      0x100 ECUAL/button/button.o
 .debug_abbrev  0x000006cd       0x7c ECUAL/button/button_config.o
 .debug_abbrev  0x00000749      0x10d ECUAL/led/led.o
 .debug_abbrev  0x00000856       0x7c ECUAL/led/led_config.o
 .debug_abbrev  0x000008d2      0x12a ECUAL/timer_manger/timer_manger.o
 .debug_abbrev  0x000009fc       0x88 ECUAL/timer_manger/timer_manger_config.o
 .debug_abbrev  0x00000a84       0x68 main.o
 .debug_abbrev  0x00000aec       0xf2 MCAL/dio/dio.o
 .debug_abbrev  0x00000bde      0x15e MCAL/external_interrupt/external_interrupt.h.o
 .debug_abbrev  0x00000d3c       0x78 MCAL/external_interrupt/ext_int_config.o
 .debug_abbrev  0x00000db4      0x17b MCAL/timer/timer.o

.debug_line     0x00000000     0x2a35
 *(.debug_line .debug_line.* .debug_line_end)
 .debug_line    0x00000000      0x116 C:/Program Files (x86)/Atmel/Studio/7.0/Packs/atmel/ATmega_DFP/1.7.374/gcc/dev/atmega32a/avr5/crtatmega32a.o
 .debug_line    0x00000116      0xce7 APP/app.o
 .debug_line    0x00000dfd      0x18e ECUAL/button/button.o
 .debug_line    0x00000f8b       0x71 ECUAL/button/button_config.o
 .debug_line    0x00000ffc      0x1b7 ECUAL/led/led.o
 .debug_line    0x000011b3       0x65 ECUAL/led/led_config.o
 .debug_line    0x00001218      0x1d4 ECUAL/timer_manger/timer_manger.o
 .debug_line    0x000013ec      0x139 ECUAL/timer_manger/timer_manger_config.o
 .debug_line    0x00001525       0x5b main.o
 .debug_line    0x00001580      0x287 MCAL/dio/dio.o
 .debug_line    0x00001807      0x41f MCAL/external_interrupt/external_interrupt.h.o
 .debug_line    0x00001c26       0x61 MCAL/external_interrupt/ext_int_config.o
 .debug_line    0x00001c87      0xdae MCAL/timer/timer.o

.debug_frame    0x00000000      0x66c
 *(.debug_frame)
 .debug_frame   0x00000000       0x74 APP/app.o
 .debug_frame   0x00000074       0x64 ECUAL/button/button.o
 .debug_frame   0x000000d8       0x60 ECUAL/led/led.o
 .debug_frame   0x00000138       0x54 ECUAL/timer_manger/timer_manger.o
 .debug_frame   0x0000018c       0x24 main.o
 .debug_frame   0x000001b0       0x94 MCAL/dio/dio.o
 .debug_frame   0x00000244      0x174 MCAL/external_interrupt/external_interrupt.h.o
 .debug_frame   0x000003b8      0x2b4 MCAL/timer/timer.o

.debug_str      0x00000000     0x1189
 *(.debug_str)
 .debug_str     0x00000000      0x196 C:/Program Files (x86)/Atmel/Studio/7.0/Packs/atmel/ATmega_DFP/1.7.374/gcc/dev/atmega32a/avr5/crtatmega32a.o
 .debug_str     0x00000196      0x7b7 APP/app.o
                                0x809 (size before relaxing)
 .debug_str     0x0000094d       0xe3 ECUAL/button/button.o
                                0x3d6 (size before relaxing)
 .debug_str     0x00000a30       0x20 ECUAL/button/button_config.o
                                0x2fb (size before relaxing)
 .debug_str     0x00000a50       0x40 ECUAL/led/led.o
                                0x366 (size before relaxing)
 .debug_str     0x00000a90       0x1a ECUAL/led/led_config.o
                                0x2a1 (size before relaxing)
 .debug_str     0x00000aaa      0x33c ECUAL/timer_manger/timer_manger.o
                                0x716 (size before relaxing)
 .debug_str     0x00000de6       0x2c ECUAL/timer_manger/timer_manger_config.o
                                0x31b (size before relaxing)
 .debug_str     0x00000e12       0x11 main.o
                                0x1ec (size before relaxing)
 .debug_str     0x00000e23       0xea MCAL/dio/dio.o
                                0x3f5 (size before relaxing)
 .debug_str     0x00000f0d      0x10c MCAL/external_interrupt/external_interrupt.h.o
                                0x4d8 (size before relaxing)
 .debug_str     0x00001019       0x2c MCAL/external_interrupt/ext_int_config.o
                                0x2f6 (size before relaxing)
 .debug_str     0x00001045      0x144 MCAL/timer/timer.o
                                0x797 (size before relaxing)

.debug_loc      0x00000000     0x22dc
 *(.debug_loc)
 .debug_loc     0x00000000      0x116 APP/app.o
 .debug_loc     0x00000116      0x2ab ECUAL/button/button.o
 .debug_loc     0x000003c1      0x342 ECUAL/led/led.o
 .debug_loc     0x00000703      0x1e8 ECUAL/timer_manger/timer_manger.o
 .debug_loc     0x000008eb      0x496 MCAL/dio/dio.o
 .debug_loc     0x00000d81      0x77a MCAL/external_interrupt/external_interrupt.h.o
 .debug_loc     0x000014fb      0xde1 MCAL/timer/timer.o

.debug_macinfo
 *(.debug_macinfo)

.debug_weaknames
 *(.debug_weaknames)

.debug_funcnames
 *(.debug_funcnames)

.debug_typenames
 *(.debug_typenames)

.debug_varnames
 *(.debug_varnames)

.debug_pubtypes
 *(.debug_pubtypes)

.debug_ranges   0x00000000      0x1a8
 *(.debug_ranges)
 .debug_ranges  0x00000000       0x30 APP/app.o
 .debug_ranges  0x00000030       0x18 ECUAL/button/button.o
 .debug_ranges  0x00000048       0x28 ECUAL/led/led.o
 .debug_ranges  0x00000070       0x20 ECUAL/timer_manger/timer_manger.o
 .debug_ranges  0x00000090       0x10 main.o
 .debug_ranges  0x000000a0       0x48 MCAL/dio/dio.o
 .debug_ranges  0x000000e8       0x40 MCAL/external_interrupt/external_interrupt.h.o
 .debug_ranges  0x00000128       0x80 MCAL/timer/timer.o

.debug_macro
 *(.debug_macro)
OUTPUT(LED_sequence_V3.0_MISRA.elf elf32-avr)
LOAD linker stubs
